usage: gvm-test-cli socket [-h] [--sockpath [SOCKPATH] | --socketpath
                           [SOCKETPATH]]

optional arguments:
  -h, --help            show this help message and exit
  --sockpath [SOCKPATH]
                        Deprecated, use --socketpath instead
  --socketpath [SOCKETPATH]
                        Path to UNIX Domain socket (default: None)
